// Jest Snapshot v1, https://goo.gl/fbAQLP

exports[`PasswordChange renders correctly 1`] = `
<RCTScrollView
  contentContainerStyle={
    {
      "flexGrow": 1,
    }
  }
>
  <View>
    <View
      accessibilityIgnoresInvertColors={true}
      style={
        {
          "height": "100%",
        }
      }
    >
      <Image
        source={1}
        style={
          [
            {
              "bottom": 0,
              "left": 0,
              "position": "absolute",
              "right": 0,
              "top": 0,
            },
            {
              "height": "100%",
              "width": undefined,
            },
            undefined,
          ]
        }
      />
      <Text
        style={
          [
            {
              "fontSize": 36,
              "fontWeight": "bold",
              "marginVertical": "5%",
              "textAlign": "center",
            },
            {
              "color": "black",
            },
          ]
        }
      >
        [missing "en.changePasswordText" translation]
      </Text>
      <View
        style={
          {
            "flex": 1,
            "marginHorizontal": "5%",
          }
        }
      >
        <View>
          <Text
            style={
              {
                "color": "black",
              }
            }
          >
            [missing "en.currentPasswordLabel" translation]
          </Text>
          <TextInput
            onChangeText={[Function]}
            placeholder="[missing "en.ipCurrentPassword" translation]"
            secureTextEntry={true}
            style={
              {
                "backgroundColor": "#EDEADE",
                "borderWidth": 1,
                "height": 40,
                "marginBottom": "5%",
                "padding": 10,
              }
            }
            value=""
          />
        </View>
        <View
          style={
            {
              "flex": 2,
            }
          }
        >
          <Text
            style={
              {
                "color": "black",
              }
            }
          >
            [missing "en.newPasswordLabel" translation]
          </Text>
          <TextInput
            onChangeText={[Function]}
            onEndEditing={[Function]}
            placeholder="[missing "en.ipNewPassword" translation]"
            secureTextEntry={true}
            style={
              {
                "backgroundColor": "#EDEADE",
                "borderWidth": 1,
                "height": 40,
                "marginBottom": "5%",
                "padding": 10,
              }
            }
            value=""
          />
          <View
            style={
              {
                "marginTop": 5,
              }
            }
          >
            <View />
          </View>
          <View
            style={
              {
                "flexDirection": "row",
              }
            }
          >
            <Text
              style={
                {
                  "color": "black",
                }
              }
            >
              [missing "en.rePasswordLabel" translation]
            </Text>
          </View>
          <TextInput
            onChangeText={[Function]}
            onEndEditing={[Function]}
            placeholder="[missing "en.ipRePassword" translation]"
            secureTextEntry={true}
            style={
              {
                "backgroundColor": "#EDEADE",
                "borderWidth": 1,
                "height": 40,
                "marginBottom": "5%",
                "padding": 10,
              }
            }
            value=""
          />
        </View>
      </View>
      <View
        onLayout={[Function]}
        style={
          {
            "paddingBottom": 0,
          }
        }
      >
        <View
          accessibilityState={
            {
              "busy": undefined,
              "checked": undefined,
              "disabled": true,
              "expanded": undefined,
              "selected": undefined,
            }
          }
          accessibilityValue={
            {
              "max": undefined,
              "min": undefined,
              "now": undefined,
              "text": undefined,
            }
          }
          accessible={true}
          collapsable={false}
          focusable={true}
          onClick={[Function]}
          onResponderGrant={[Function]}
          onResponderMove={[Function]}
          onResponderRelease={[Function]}
          onResponderTerminate={[Function]}
          onResponderTerminationRequest={[Function]}
          onStartShouldSetResponder={[Function]}
          style={
            {
              "alignSelf": "center",
              "backgroundColor": "gray",
              "borderRadius": 12,
              "bottom": 50,
              "opacity": 1,
              "padding": 10,
              "position": "absolute",
              "width": "75%",
            }
          }
        >
          <Text
            style={
              [
                {
                  "fontSize": 28,
                  "textAlign": "center",
                },
                {
                  "color": "black",
                },
              ]
            }
          >
            [missing "en.changePasswordText" translation]
          </Text>
        </View>
      </View>
    </View>
  </View>
</RCTScrollView>
`;
